\BOOKMARK [0][-]{section*.2}{\376\377\000L\000i\000s\000t\000\040\000o\000f\000\040\000f\000i\000g\000u\000r\000e\000s}{}% 1
\BOOKMARK [0][-]{chapter*.3}{\376\377\000F\000o\000r\000e\000w\000o\000r\000d}{}% 2
\BOOKMARK [0][-]{chapter.4}{\376\377\000W\000h\000a\000t\000\040\000d\000o\000e\000s\000\040\000q\000u\000a\000n\000t\000u\000m\000\040\000c\000o\000m\000p\000u\000t\000i\000n\000g\000\040\000m\000e\000a\000n\000\040\000f\000o\000r\000\040\000f\000i\000n\000a\000n\000c\000e\000?}{}% 3
\BOOKMARK [0][-]{chapter.5}{\376\377\000M\000a\000t\000h\000e\000m\000a\000t\000i\000c\000a\000l\000\040\000P\000r\000e\000l\000i\000m\000i\000n\000a\000r\000i\000e\000s}{}% 4
\BOOKMARK [1][-]{section.6}{\376\377\000V\000e\000c\000t\000o\000r\000\040\000S\000p\000a\000c\000e\000s}{chapter.5}% 5
\BOOKMARK [1][-]{section.9}{\376\377\000S\000p\000a\000n\000\040\000a\000n\000d\000\040\000L\000i\000n\000e\000a\000r\000\040\000I\000n\000d\000e\000p\000e\000n\000d\000e\000n\000c\000e}{chapter.5}% 6
\BOOKMARK [1][-]{section.11}{\376\377\000B\000a\000s\000i\000s\000\040\000a\000n\000d\000\040\000D\000i\000m\000e\000n\000s\000i\000o\000n}{chapter.5}% 7
\BOOKMARK [1][-]{section.13}{\376\377\000I\000n\000n\000e\000r\000\040\000\050\000S\000c\000a\000l\000a\000r\000\051\000\040\000P\000r\000o\000d\000u\000c\000t}{chapter.5}% 8
\BOOKMARK [1][-]{section.18}{\376\377\000N\000o\000r\000m\000s}{chapter.5}% 9
\BOOKMARK [1][-]{section.20}{\376\377\000H\000i\000l\000b\000e\000r\000t\000\040\000S\000p\000a\000c\000e\000s}{chapter.5}% 10
\BOOKMARK [1][-]{section.23}{\376\377\000O\000r\000t\000h\000o\000g\000o\000n\000a\000l\000i\000t\000y\000\040\000a\000n\000d\000\040\000O\000r\000t\000h\000o\000n\000o\000r\000m\000a\000l\000\040\000B\000a\000s\000e\000s}{chapter.5}% 11
\BOOKMARK [1][-]{section.25}{\376\377\000G\000r\000a\000m\040\023\000S\000c\000h\000m\000i\000d\000t\000\040\000O\000r\000t\000h\000o\000g\000o\000n\000a\000l\000i\000z\000a\000t\000i\000o\000n}{chapter.5}% 12
\BOOKMARK [1][-]{section.27}{\376\377\000L\000i\000n\000e\000a\000r\000\040\000O\000p\000e\000r\000a\000t\000o\000r\000s}{chapter.5}% 13
\BOOKMARK [1][-]{section.28}{\376\377\000E\000i\000g\000e\000n\000v\000a\000l\000u\000e\000s\000\040\000a\000n\000d\000\040\000E\000i\000g\000e\000n\000v\000e\000c\000t\000o\000r\000s}{chapter.5}% 14
\BOOKMARK [1][-]{section.30}{\376\377\000N\000o\000n\000s\000i\000n\000g\000u\000l\000a\000r\000\040\000M\000a\000t\000r\000i\000c\000e\000s}{chapter.5}% 15
\BOOKMARK [1][-]{section.31}{\376\377\000S\000i\000m\000i\000l\000a\000r\000\040\000M\000a\000t\000r\000i\000c\000e\000s}{chapter.5}% 16
\BOOKMARK [1][-]{section.33}{\376\377\000H\000e\000r\000m\000i\000t\000i\000a\000n\000\040\000O\000p\000e\000r\000a\000t\000o\000r\000s}{chapter.5}% 17
\BOOKMARK [1][-]{section.35}{\376\377\000U\000n\000i\000t\000a\000r\000y\000\040\000O\000p\000e\000r\000a\000t\000o\000r\000s}{chapter.5}% 18
\BOOKMARK [1][-]{section.37}{\376\377\000S\000p\000e\000c\000t\000r\000a\000l\000\040\000D\000e\000c\000o\000m\000p\000o\000s\000i\000t\000i\000o\000n}{chapter.5}% 19
\BOOKMARK [1][-]{section.39}{\376\377\000T\000e\000n\000s\000o\000r\000\040\000P\000r\000o\000d\000u\000c\000t\000\040\000o\000f\000\040\000V\000e\000c\000t\000o\000r\000\040\000S\000p\000a\000c\000e\000s}{chapter.5}% 20
\BOOKMARK [1][-]{section.41}{\376\377\000T\000e\000n\000s\000o\000r\000\040\000P\000r\000o\000d\000u\000c\000t\000\040\000o\000f\000\040\000O\000p\000e\000r\000a\000t\000o\000r\000s}{chapter.5}% 21
\BOOKMARK [1][-]{section.43}{\376\377\000J\000o\000r\000d\000a\000n\000\040\000C\000a\000n\000o\000n\000i\000c\000a\000l\000\040\000F\000o\000r\000m}{chapter.5}% 22
\BOOKMARK [1][-]{section.45}{\376\377\000M\000a\000t\000r\000i\000x\000\040\000N\000o\000r\000m\000s}{chapter.5}% 23
\BOOKMARK [1][-]{section.47}{\376\377\000Q\000u\000a\000d\000r\000a\000t\000i\000c\000\040\000F\000o\000r\000m\000s}{chapter.5}% 24
\BOOKMARK [1][-]{section.49}{\376\377\000F\000u\000n\000c\000t\000i\000o\000n\000s\000\040\000o\000f\000\040\000M\000a\000t\000r\000i\000c\000e\000s}{chapter.5}% 25
\BOOKMARK [1][-]{section.51}{\376\377\000L\0002\000\040\000F\000u\000n\000c\000t\000i\000o\000n\000\040\000S\000p\000a\000c\000e\000s}{chapter.5}% 26
\BOOKMARK [1][-]{section.52}{\376\377\000F\000o\000u\000r\000i\000e\000r\000\040\000S\000e\000r\000i\000e\000s}{chapter.5}% 27
\BOOKMARK [1][-]{section.53}{\376\377\000E\000i\000g\000e\000n\000f\000u\000n\000c\000t\000i\000o\000n\000s}{chapter.5}% 28
\BOOKMARK [1][-]{section.55}{\376\377\000H\000a\000d\000a\000m\000a\000r\000d\000\040\000O\000p\000e\000r\000a\000t\000o\000r}{chapter.5}% 29
\BOOKMARK [1][-]{section.56}{\376\377\000A\000d\000j\000o\000i\000n\000t\000,\000\040\000S\000e\000l\000f\000-\000A\000d\000j\000o\000i\000n\000t\000,\000\040\000a\000n\000d\000\040\000U\000n\000i\000t\000a\000r\000y\000\040\000O\000p\000e\000r\000a\000t\000o\000r\000s\000\040\000o\000n\000\040\000F\000u\000n\000c\000t\000i\000o\000n\000\040\000S\000p\000a\000c\000e\000s}{chapter.5}% 30
\BOOKMARK [1][-]{section.57}{\376\377\000M\000a\000t\000r\000i\000x\000\040\000R\000e\000p\000r\000e\000s\000e\000n\000t\000a\000t\000i\000o\000n\000s\000\040\000o\000f\000\040\000O\000p\000e\000r\000a\000t\000o\000r\000s}{chapter.5}% 31
\BOOKMARK [1][-]{section.59}{\376\377\000C\000o\000o\000r\000d\000i\000n\000a\000t\000e\000\040\000T\000r\000a\000n\000s\000f\000o\000r\000m\000a\000t\000i\000o\000n\000s}{chapter.5}% 32
